// Jest Snapshot v1, https://goo.gl/fbAQLP

exports[`TodoList test  snapshots: test first node of function addtask 1`] = `[Function]`;

exports[`TodoList test  todo snapshots test root node  1`] = `
<div
  className="TodoList"
>
  <div
    className="new-todo"
  >
    <form
      onSubmit={[Function]}
    >
      <input
        onChange={[Function]}
        type="text"
        value=""
      />
      <button
        type="submit"
      >
        Add
      </button>
    </form>
  </div>
  <ul
    className="todos"
  />
</div>
`;
